// Jest Snapshot v1, https://goo.gl/fbAQLP

exports[`<Articles /> component snapshot with articles 1`] = `
<div
  className="App-Articles"
>
  <div
    className="article"
  >
    <a
      href="http://www.bbc.co.uk/news/science-environment-52809664"
      rel="noopener noreferrer"
      target="_blank"
    >
      <h2
        className="sc-AxjAm jLMQrU title"
      >
        Big day for Nasa and SpaceX stymied by weather
      </h2>
    </a>
    <p>
      An late decision is made to delay to Saturday the first US astronaut launch in the US for nine years.
    </p>
  </div>
  <div
    className="article"
  >
    <a
      href="http://www.bbc.co.uk/news/world-us-canada-52824839"
      rel="noopener noreferrer"
      target="_blank"
    >
      <h2
        className="sc-AxjAm jLMQrU title"
      >
        HK 'no longer autonomous from China' - Pompeo
      </h2>
    </a>
    <p>
      The US secretary of state says the territory no longer merits special treatment under US laws.
    </p>
  </div>
  <div
    className="article"
  >
    <a
      href="http://www.bbc.co.uk/news/entertainment-arts-52821957"
      rel="noopener noreferrer"
      target="_blank"
    >
      <h2
        className="sc-AxjAm jLMQrU title"
      >
        Playwright and activist Larry Kramer dies
      </h2>
    </a>
    <p>
      The author of The Normal Heart was a key and confrontational figure during the 1980s Aids crisis.
    </p>
  </div>
  <div
    className="article"
  >
    <a
      href="http://www.bbc.co.uk/news/world-europe-52819126"
      rel="noopener noreferrer"
      target="_blank"
    >
      <h2
        className="sc-AxjAm jLMQrU title"
      >
        EU's â‚¬750bn recovery fund marks 'Europe's moment'
      </h2>
    </a>
    <p>
      A giant fund is proposed, some of it raised on capital markets, but several countries express doubts.
    </p>
  </div>
  <div
    className="article"
  >
    <a
      href="http://www.bbc.co.uk/news/technology-52821304"
      rel="noopener noreferrer"
      target="_blank"
    >
      <h2
        className="sc-AxjAm jLMQrU title"
      >
        Trump threatens to shut down social media firms
      </h2>
    </a>
    <p>
      The president claims Twitter is "stifling free speech", after it added fact-check links to his posts.
    </p>
  </div>
  <div
    className="article"
  >
    <a
      href="http://www.bbc.co.uk/news/world-us-canada-52793343"
      rel="noopener noreferrer"
      target="_blank"
    >
      <h2
        className="sc-AxjAm jLMQrU title"
      >
        Key decision expected in Meng Wanzhou case
      </h2>
    </a>
    <p>
      A Canadian court will decide whether the Huawei executive's case counts as "double criminality".
    </p>
  </div>
  <div
    className="article"
  >
    <a
      href="http://www.bbc.co.uk/news/world-middle-east-52811631"
      rel="noopener noreferrer"
      target="_blank"
    >
      <h2
        className="sc-AxjAm jLMQrU title"
      >
        Outrage in Iran over 'honour killing' of girl
      </h2>
    </a>
    <p>
      Romina Ashrafi, 14, was allegedly killed by her father after she ran away with her older boyfriend.
    </p>
  </div>
  <div
    className="article"
  >
    <a
      href="http://www.bbc.co.uk/news/live/science-environment-52790778"
      rel="noopener noreferrer"
      target="_blank"
    >
      <h2
        className="sc-AxjAm jLMQrU title"
      >
        Nasa SpaceX set for historic launch from Florida
      </h2>
    </a>
    <p>
      SpaceX will launch Nasa astronauts for the first time on its Crew Dragon spacecraft.
    </p>
  </div>
  <div
    className="article"
  >
    <a
      href="http://www.bbc.co.uk/news/world-us-canada-52817097"
      rel="noopener noreferrer"
      target="_blank"
    >
      <h2
        className="sc-AxjAm jLMQrU title"
      >
        Death of US black man in custody sparks clashes
      </h2>
    </a>
    <p>
      Tear gas is fired at protesters angry at the death of a man pinned down by a policeman in Minnesota.
    </p>
  </div>
  <div
    className="article"
  >
    <a
      href="http://www.bbc.co.uk/news/business-52807756"
      rel="noopener noreferrer"
      target="_blank"
    >
      <h2
        className="sc-AxjAm jLMQrU title"
      >
        A drive-in concert in an airport car park
      </h2>
    </a>
    <p>
      Mads Langer performs a drive-in concert for music fans in Copenhagen while social distancing.
    </p>
  </div>
</div>
`;

exports[`<Articles /> component snapshot with error 1`] = `<div />`;

exports[`<Articles /> component snapshot with loading 1`] = `
<div>
  spinner
</div>
`;
